2026-07-28 18:26:06 | INFO | ML | === RUN START ===
2026-07-28 18:26:06 | INFO | ML | project=ML
2026-07-28 18:26:06 | INFO | ML | repo_dir=ml-05-ensembles
2026-07-28 18:26:06 | INFO | ML | python=3.14.3
2026-07-28 18:26:06 | INFO | ML | os=Windows 11
2026-07-28 18:26:06 | INFO | ML | shell=powershell
2026-07-28 18:26:06 | INFO | ML | cwd=.
2026-07-28 18:26:06 | INFO | ML | github_actions=False
2026-07-28 18:59:47 | INFO | ML | === RUN START ===
2026-07-28 18:59:47 | INFO | ML | project=ML
2026-07-28 18:59:47 | INFO | ML | repo_dir=ml-05-ensembles
2026-07-28 18:59:47 | INFO | ML | python=3.14.3
2026-07-28 18:59:47 | INFO | ML | os=Windows 11
2026-07-28 18:59:47 | INFO | ML | shell=powershell
2026-07-28 18:59:47 | INFO | ML | cwd=.
2026-07-28 18:59:47 | INFO | ML | github_actions=False
2026-07-28 18:59:47 | INFO | ML | === RUN START ===
2026-07-28 18:59:47 | INFO | ML | project=ML
2026-07-28 18:59:47 | INFO | ML | repo_dir=ml-05-ensembles
2026-07-28 18:59:47 | INFO | ML | python=3.14.3
2026-07-28 18:59:47 | INFO | ML | os=Windows 11
2026-07-28 18:59:47 | INFO | ML | shell=powershell
2026-07-28 18:59:47 | INFO | ML | cwd=.
2026-07-28 18:59:47 | INFO | ML | github_actions=False
2026-07-28 18:59:47 | INFO | ML | ========================
2026-07-28 18:59:47 | INFO | ML | START main()
2026-07-28 18:59:47 | INFO | ML | ========================
2026-07-28 18:59:47 | INFO | ML | Load dataset..............
2026-07-28 18:59:47 | INFO | ML | Loading dataset: hours_scores_case
2026-07-28 18:59:47 | INFO | ML | Loaded: 10 rows, 6 columns
2026-07-28 18:59:47 | DEBUG | ML | 
   hours_studied  practice_quizzes  attendance_pct  sleep_hours  prior_score  score
0            2.0                 1              72          6.0           58     62
1            3.5                 2              80          6.5           61     68
2            4.0                 3              85          7.0           64     72
3            5.0                 3              88          7.5           66     76
4            6.0                 4              90          7.0           70     81
2026-07-28 18:59:47 | INFO | ML | Inspect dataset...........
2026-07-28 18:59:47 | INFO | ML | Column names
2026-07-28 18:59:47 | DEBUG | ML | ['hours_studied', 'practice_quizzes', 'attendance_pct', 'sleep_hours', 'prior_score', 'score']
2026-07-28 18:59:47 | INFO | ML | DataFrame info
2026-07-28 18:59:47 | INFO | ML | Dataset shape: 10 rows, 6 columns
2026-07-28 18:59:47 | INFO | ML | Check data quality........
2026-07-28 18:59:47 | INFO | ML | Missing values by column
2026-07-28 18:59:47 | DEBUG | ML | 
hours_studied       0
practice_quizzes    0
attendance_pct      0
sleep_hours         0
prior_score         0
score               0
dtype: int64
2026-07-28 18:59:47 | INFO | ML | Duplicate row count: 0
2026-07-28 18:59:47 | INFO | ML | Create clean view.........
2026-07-28 18:59:47 | INFO | ML | Creating clean modeling view
2026-07-28 18:59:47 | INFO | ML | Clean view: 10 rows, 6 columns
2026-07-28 18:59:47 | INFO | ML | Train supervised model....
2026-07-28 18:59:47 | INFO | ML | Training LinearRegression model
2026-07-28 18:59:47 | INFO | ML | Mean absolute error: 0.48
2026-07-28 18:59:47 | INFO | ML | R-squared: 1.00
2026-07-28 18:59:47 | INFO | ML | Predict one case..........
2026-07-28 18:59:47 | INFO | ML | Predicting one new case
2026-07-28 18:59:47 | INFO | ML | New case:
   hours_studied  practice_quizzes  attendance_pct  sleep_hours  prior_score
0            6.5                 4              92          7.0           72
2026-07-28 18:59:47 | INFO | ML | Predicted score: 83.4
2026-07-28 18:59:47 | INFO | ML | Create charts.............
2026-07-28 18:59:47 | INFO | ML | Creating chart: hours studied vs score
2026-07-28 18:59:49 | INFO | ML | Creating chart: model coefficients
2026-07-28 18:59:49 | INFO | ML | Got a figure Figure(900x500) and axes Axes(0.125,0.11;0.775x0.77) from plt.subplots().
2026-07-28 18:59:49 | INFO | ML | Summarize workflow........
2026-07-28 18:59:49 | INFO | ML | ========================
2026-07-28 18:59:49 | INFO | ML | SUMMARY
2026-07-28 18:59:49 | INFO | ML | ========================
2026-07-28 18:59:49 | INFO | ML | Dataset: hours_scores_case
2026-07-28 18:59:49 | INFO | ML | Original rows: 10
2026-07-28 18:59:49 | INFO | ML | Clean rows: 10
2026-07-28 18:59:49 | INFO | ML | Features: ['hours_studied', 'practice_quizzes', 'attendance_pct', 'sleep_hours', 'prior_score']
2026-07-28 18:59:49 | INFO | ML | Target: score
2026-07-28 18:59:49 | INFO | ML | ----- in a script, call plt.show() once at the end to display all charts -----
2026-07-28 18:59:49 | INFO | ML | ----- in a script, CLOSE the chart windows with the close button to CONTINUE -----
2026-07-28 18:59:57 | INFO | ML | Workflow complete
2026-07-28 18:59:57 | INFO | ML | IMPORTANT: This script creates chart windows.
2026-07-28 18:59:57 | INFO | ML | Close chart windows and terminate this process with CTRL+c as needed.
2026-07-28 18:59:57 | INFO | ML | ========================
2026-07-28 18:59:57 | INFO | ML | Executed successfully!
2026-07-28 18:59:57 | INFO | ML | ========================
2026-07-28 19:00:31 | INFO | M05 | === RUN START ===
2026-07-28 19:00:31 | INFO | M05 | project=M05
2026-07-28 19:00:31 | INFO | M05 | repo_dir=ml-05-ensembles
2026-07-28 19:00:31 | INFO | M05 | python=3.14.3
2026-07-28 19:00:31 | INFO | M05 | os=Windows 11
2026-07-28 19:00:31 | INFO | M05 | shell=powershell
2026-07-28 19:00:31 | INFO | M05 | cwd=notebooks
2026-07-28 19:00:31 | INFO | M05 | github_actions=False
2026-07-28 19:00:31 | INFO | M05 | Confirming installation:
2026-07-28 19:00:31 | INFO | M05 |   python:       3.14.3
2026-07-28 19:00:31 | INFO | M05 |   pandas:       3.0.5
2026-07-28 19:00:31 | INFO | M05 |   numpy:        2.5.1
2026-07-28 19:00:31 | INFO | M05 |   scikit-learn: 1.9.0
2026-07-28 19:00:31 | INFO | M05 |   seaborn:      0.13.2
2026-07-28 19:00:31 | INFO | M05 |   matplotlib:   3.11.1
2026-07-28 19:00:31 | INFO | M05 | Loading dataset: penguins
2026-07-28 19:00:31 | INFO | M05 | Loaded: 344 rows (instances), 7 columns
2026-07-28 19:00:31 | INFO | M05 | Original rows: 344
2026-07-28 19:00:31 | INFO | M05 | Model rows:    342
2026-07-28 19:00:31 | INFO | M05 | Classes in target 'species': ['Adelie', 'Chinstrap', 'Gentoo']
2026-07-28 19:00:31 | DEBUG | M05 | Class counts:
species
Adelie       151
Gentoo       123
Chinstrap     68
Name: count, dtype: int64
2026-07-28 19:00:31 | INFO | M05 | Train instances: 273
2026-07-28 19:00:31 | INFO | M05 | Test instances: 69
2026-07-28 19:00:31 | INFO | M05 | Fitting single tree + two ensembles
2026-07-28 19:00:31 | DEBUG | M05 |   fitted: single_tree
2026-07-28 19:00:32 | DEBUG | M05 |   fitted: random_forest
2026-07-28 19:00:32 | DEBUG | M05 |   fitted: gradient_boosting
2026-07-28 19:00:32 | INFO | M05 |   single_tree        test accuracy = 0.986
2026-07-28 19:00:32 | INFO | M05 |   random_forest      test accuracy = 1.000
2026-07-28 19:00:32 | INFO | M05 |   gradient_boosting  test accuracy = 0.986
2026-07-28 19:00:33 | INFO | M05 | Best model: random_forest with test accuracy = 1.000
2026-07-28 19:00:33 | INFO | M05 | Random forest feature importances (high to low):
2026-07-28 19:00:33 | INFO | M05 |   bill_length_mm       0.404
2026-07-28 19:00:33 | INFO | M05 |   flipper_length_mm    0.301
2026-07-28 19:00:33 | INFO | M05 |   bill_depth_mm        0.219
2026-07-28 19:00:33 | INFO | M05 |   body_mass_g          0.076
2026-07-28 19:00:34 | INFO | M05 | ========================
2026-07-28 19:00:34 | INFO | M05 | SUMMARY
2026-07-28 19:00:34 | INFO | M05 | ========================
2026-07-28 19:00:34 | INFO | M05 | Dataset: penguins   Target: species (classification)
2026-07-28 19:00:34 | INFO | M05 | Compared: single tree vs. random forest vs. gradient boosting
2026-07-28 19:00:34 | INFO | M05 | ========================
2026-08-01 08:35:16 | INFO | M05 | === RUN START ===
2026-08-01 08:35:16 | INFO | M05 | project=M05
2026-08-01 08:35:16 | INFO | M05 | repo_dir=ml-05-ensembles
2026-08-01 08:35:16 | INFO | M05 | python=3.14.3
2026-08-01 08:35:16 | INFO | M05 | os=Windows 11
2026-08-01 08:35:16 | INFO | M05 | shell=powershell
2026-08-01 08:35:16 | INFO | M05 | cwd=notebooks
2026-08-01 08:35:16 | INFO | M05 | github_actions=False
2026-08-01 08:35:16 | INFO | M05 | Confirming installation:
2026-08-01 08:35:16 | INFO | M05 |   python:       3.14.3
2026-08-01 08:35:16 | INFO | M05 |   pandas:       3.0.5
2026-08-01 08:35:16 | INFO | M05 |   numpy:        2.5.1
2026-08-01 08:35:16 | INFO | M05 |   scikit-learn: 1.9.0
2026-08-01 08:35:16 | INFO | M05 |   seaborn:      0.13.2
2026-08-01 08:35:17 | INFO | M05 |   matplotlib:   3.11.1
2026-08-01 08:35:50 | INFO | M05 | Loading dataset: diabetes_data
2026-08-01 08:37:32 | INFO | M05 | Loading dataset: diabetes_data
2026-08-01 08:42:40 | INFO | M05 | Loading dataset: diabetes_data
2026-08-01 09:49:31 | INFO | M05 | === RUN START ===
2026-08-01 09:49:31 | INFO | M05 | project=M05
2026-08-01 09:49:31 | INFO | M05 | repo_dir=ml-05-ensembles
2026-08-01 09:49:31 | INFO | M05 | python=3.14.3
2026-08-01 09:49:31 | INFO | M05 | os=Windows 11
2026-08-01 09:49:31 | INFO | M05 | shell=powershell
2026-08-01 09:49:31 | INFO | M05 | cwd=notebooks
2026-08-01 09:49:31 | INFO | M05 | github_actions=False
2026-08-01 09:49:31 | INFO | M05 | Confirming installation:
2026-08-01 09:49:31 | INFO | M05 |   python:       3.14.3
2026-08-01 09:49:31 | INFO | M05 |   pandas:       3.0.5
2026-08-01 09:49:31 | INFO | M05 |   numpy:        2.5.1
2026-08-01 09:49:31 | INFO | M05 |   scikit-learn: 1.9.0
2026-08-01 09:49:31 | INFO | M05 |   seaborn:      0.13.2
2026-08-01 09:49:31 | INFO | M05 |   matplotlib:   3.11.1
2026-08-01 09:55:57 | INFO | M05 | === RUN START ===
2026-08-01 09:55:57 | INFO | M05 | project=M05
2026-08-01 09:55:57 | INFO | M05 | repo_dir=ml-05-ensembles
2026-08-01 09:55:57 | INFO | M05 | python=3.14.3
2026-08-01 09:55:57 | INFO | M05 | os=Windows 11
2026-08-01 09:55:57 | INFO | M05 | shell=powershell
2026-08-01 09:55:57 | INFO | M05 | cwd=notebooks
2026-08-01 09:55:57 | INFO | M05 | github_actions=False
2026-08-01 09:55:57 | INFO | M05 | Confirming installation:
2026-08-01 09:55:57 | INFO | M05 |   python:       3.14.3
2026-08-01 09:55:57 | INFO | M05 |   pandas:       3.0.5
2026-08-01 09:55:57 | INFO | M05 |   numpy:        2.5.1
2026-08-01 09:55:57 | INFO | M05 |   scikit-learn: 1.9.0
2026-08-01 09:55:57 | INFO | M05 |   seaborn:      0.13.2
2026-08-01 09:55:57 | INFO | M05 |   matplotlib:   3.11.1
2026-08-01 09:58:19 | INFO | M05 | Loading dataset: c:\Repos\Applied_Machine_Learning\ml-05-ensembles\notebooks\data\raw\diabetes_data.csv
2026-08-01 09:59:46 | INFO | M05 | Loading dataset: c:\Repos\Applied_Machine_Learning\ml-05-ensembles\notebooks\data\raw\diabetes_data.csv
2026-08-01 10:01:33 | INFO | M05 | Loading dataset: c:\Repos\Applied_Machine_Learning\ml-05-ensembles\notebooks\data\raw\diabetes_data.csv
2026-08-01 10:16:18 | INFO | M05 | Loading dataset: c:\Repos\Applied_Machine_Learning\ml-05-ensembles\data\raw\diabetes_data.csv
2026-08-01 10:16:18 | INFO | M05 | Loaded: 768 rows (instances), 9 columns
2026-08-01 10:19:13 | INFO | M05 | Loading dataset: c:\Repos\Applied_Machine_Learning\ml-05-ensembles\data\raw\diabetes_data.csv
2026-08-01 10:19:13 | INFO | M05 | Loaded: 768 rows (instances), 9 columns
2026-08-01 10:19:13 | INFO | M05 | Original rows: 768
2026-08-01 10:19:13 | INFO | M05 | Model rows:    768
2026-08-01 10:19:13 | INFO | M05 | Classes in target 'outcome': [np.int64(0), np.int64(1)]
2026-08-01 10:19:13 | DEBUG | M05 | Class counts:
outcome
0    500
1    268
Name: count, dtype: int64
2026-08-01 10:20:02 | INFO | M05 | Train instances: 614
2026-08-01 10:20:02 | INFO | M05 | Test instances: 154
2026-08-01 10:20:41 | INFO | M05 | Fitting single tree + two ensembles
2026-08-01 10:20:41 | DEBUG | M05 |   fitted: single_tree
2026-08-01 10:20:42 | DEBUG | M05 |   fitted: random_forest
2026-08-01 10:20:42 | DEBUG | M05 |   fitted: gradient_boosting
2026-08-01 10:21:01 | INFO | M05 |   single_tree        test accuracy = 0.701
2026-08-01 10:21:01 | INFO | M05 |   random_forest      test accuracy = 0.740
2026-08-01 10:21:01 | INFO | M05 |   gradient_boosting  test accuracy = 0.747
2026-08-01 10:21:02 | INFO | M05 | Best model: gradient_boosting with test accuracy = 0.747
2026-08-01 10:22:08 | INFO | M05 | Fitting single tree + two ensembles
2026-08-01 10:22:08 | DEBUG | M05 |   fitted: single_tree
2026-08-01 10:22:08 | DEBUG | M05 |   fitted: random_forest
2026-08-01 10:22:09 | DEBUG | M05 |   fitted: gradient_boosting
2026-08-01 10:22:12 | INFO | M05 |   single_tree        test accuracy = 0.805
2026-08-01 10:22:12 | INFO | M05 |   random_forest      test accuracy = 0.740
2026-08-01 10:22:12 | INFO | M05 |   gradient_boosting  test accuracy = 0.747
2026-08-01 10:22:13 | INFO | M05 | Best model: single_tree with test accuracy = 0.805
2026-08-01 10:22:27 | INFO | M05 | Fitting single tree + two ensembles
2026-08-01 10:22:27 | DEBUG | M05 |   fitted: single_tree
2026-08-01 10:22:28 | DEBUG | M05 |   fitted: random_forest
2026-08-01 10:22:28 | DEBUG | M05 |   fitted: gradient_boosting
2026-08-01 10:22:30 | INFO | M05 |   single_tree        test accuracy = 0.805
2026-08-01 10:22:30 | INFO | M05 |   random_forest      test accuracy = 0.740
2026-08-01 10:22:30 | INFO | M05 |   gradient_boosting  test accuracy = 0.747
2026-08-01 10:22:30 | INFO | M05 | Best model: single_tree with test accuracy = 0.805
2026-08-01 10:22:49 | INFO | M05 | Fitting single tree + two ensembles
2026-08-01 10:22:49 | DEBUG | M05 |   fitted: single_tree
2026-08-01 10:22:50 | DEBUG | M05 |   fitted: random_forest
2026-08-01 10:22:50 | DEBUG | M05 |   fitted: gradient_boosting
2026-08-01 10:23:00 | INFO | M05 | Fitting single tree + two ensembles
2026-08-01 10:23:00 | DEBUG | M05 |   fitted: single_tree
2026-08-01 10:23:01 | DEBUG | M05 |   fitted: random_forest
2026-08-01 10:23:01 | DEBUG | M05 |   fitted: gradient_boosting
2026-08-01 10:23:04 | INFO | M05 |   single_tree        test accuracy = 0.805
2026-08-01 10:23:04 | INFO | M05 |   random_forest      test accuracy = 0.740
2026-08-01 10:23:04 | INFO | M05 |   gradient_boosting  test accuracy = 0.747
2026-08-01 10:23:04 | INFO | M05 | Best model: single_tree with test accuracy = 0.805
2026-08-01 10:23:16 | INFO | M05 | Fitting single tree + two ensembles
2026-08-01 10:23:16 | DEBUG | M05 |   fitted: single_tree
2026-08-01 10:23:16 | DEBUG | M05 |   fitted: random_forest
2026-08-01 10:23:17 | DEBUG | M05 |   fitted: gradient_boosting
2026-08-01 10:23:19 | INFO | M05 |   single_tree        test accuracy = 0.805
2026-08-01 10:23:19 | INFO | M05 |   random_forest      test accuracy = 0.747
2026-08-01 10:23:19 | INFO | M05 |   gradient_boosting  test accuracy = 0.747
2026-08-01 10:23:20 | INFO | M05 | Best model: single_tree with test accuracy = 0.805
2026-08-01 10:23:31 | INFO | M05 | Fitting single tree + two ensembles
2026-08-01 10:23:31 | DEBUG | M05 |   fitted: single_tree
2026-08-01 10:23:31 | DEBUG | M05 |   fitted: random_forest
2026-08-01 10:23:31 | DEBUG | M05 |   fitted: gradient_boosting
2026-08-01 10:23:35 | INFO | M05 |   single_tree        test accuracy = 0.805
2026-08-01 10:23:35 | INFO | M05 |   random_forest      test accuracy = 0.766
2026-08-01 10:23:35 | INFO | M05 |   gradient_boosting  test accuracy = 0.747
2026-08-01 10:23:35 | INFO | M05 | Best model: single_tree with test accuracy = 0.805
2026-08-01 10:23:55 | INFO | M05 | Fitting single tree + two ensembles
2026-08-01 10:23:55 | DEBUG | M05 |   fitted: single_tree
2026-08-01 10:23:55 | DEBUG | M05 |   fitted: random_forest
2026-08-01 10:23:55 | DEBUG | M05 |   fitted: gradient_boosting
2026-08-01 10:23:58 | INFO | M05 |   single_tree        test accuracy = 0.805
2026-08-01 10:23:58 | INFO | M05 |   random_forest      test accuracy = 0.747
2026-08-01 10:23:58 | INFO | M05 |   gradient_boosting  test accuracy = 0.747
2026-08-01 10:23:58 | INFO | M05 | Best model: single_tree with test accuracy = 0.805
2026-08-01 10:24:12 | INFO | M05 | Fitting single tree + two ensembles
2026-08-01 10:24:12 | DEBUG | M05 |   fitted: single_tree
2026-08-01 10:24:13 | DEBUG | M05 |   fitted: random_forest
2026-08-01 10:24:13 | DEBUG | M05 |   fitted: gradient_boosting
2026-08-01 10:24:17 | INFO | M05 |   single_tree        test accuracy = 0.805
2026-08-01 10:24:17 | INFO | M05 |   random_forest      test accuracy = 0.766
2026-08-01 10:24:17 | INFO | M05 |   gradient_boosting  test accuracy = 0.747
2026-08-01 10:24:17 | INFO | M05 | Best model: single_tree with test accuracy = 0.805
2026-08-02 11:34:02 | INFO | M05 | Random forest feature importances (high to low):
2026-08-02 11:34:02 | INFO | M05 |   glucose              0.356
2026-08-02 11:34:02 | INFO | M05 |   BMI                  0.235
2026-08-02 11:34:02 | INFO | M05 |   age                  0.179
2026-08-02 11:34:02 | INFO | M05 |   blood_pressure       0.121
2026-08-02 11:34:02 | INFO | M05 |   skin_thickness       0.109
2026-08-02 11:34:43 | INFO | M05 | ========================
2026-08-02 11:34:43 | INFO | M05 | SUMMARY
2026-08-02 11:34:43 | INFO | M05 | ========================
2026-08-02 11:34:43 | INFO | M05 | Dataset: c:\Repos\Applied_Machine_Learning\ml-05-ensembles\data\raw\diabetes_data.csv   Target: outcome (classification)
2026-08-02 11:34:43 | INFO | M05 | Compared: single tree vs. random forest vs. gradient boosting
2026-08-02 11:34:43 | INFO | M05 | ========================
